[DeviceCam] p2p-camera device-cam v0.1.0 (2026-07-08 15:54:02 CST)
[DeviceCam] Loaded config from device-cam.toml
[DeviceCam] Stream config:
  Main:  ON (2304x1296 @25/1fps 8192kbps H265)
  Sub:   ON (704x576 @30/1fps 512kbps H265)
  Third: ON (960x540 @25/1fps 1024kbps H265)
[DeviceCam] Audio: OFF (16000Hz, 1ch, 1024samples/frame, card=hw:0,0, fmt=S16, encode=PCM, bitrate=16000, vqe=false)
[DeviceCam] Video source: RV1106 camera
[DeviceCam]   Main:  2304x1296 @25/1fps 8192kbps H265
[DeviceCam]   Sub:   704x576 @30/1fps 512kbps H265
[DeviceCam]   Third: 960x540 @25/1fps 1024kbps H265
[RkVideoSource] Starting camera: 2304x1296 @25fps, streams: ["main", "sub", "third"]
RTVersion        06:18:37-970 {dump              :064} ---------------------------------------------------------
RTVersion        06:18:37-971 {dump              :065} rockit version: git-4720dc10a Tue Apr 30 15:47:55 2024 +0800
RTVersion        06:18:37-971 {dump              :066} rockit building: built- 2024-04-30 15:54:26
RTVersion        06:18:37-971 {dump              :067} ---------------------------------------------------------
(null)           06:18:37-971 {log_level_init    :207} 

[32m[1m please use echo name=level > /tmp/rt_log_level set log level 
	name: all cmpi mb sys vdec venc rgn vpss vgs tde avs wbc vo vi ai ao aenc adec
	log_level: 0 1 2 3 4 5 6[0m 

(null)           06:18:37-971 {read_log_level    :098} text is all=4
(null)           06:18:37-972 {read_log_level    :100} module is all, log_level is 4
(null)           06:18:37-973 {monitor_log_level :149} #Start monitor_log_level thread, arg:(nil)
[DeviceCam] Loaded identity from device-cam.key
[DeviceCam] PeerId: 12D3KooWG2ihY7Ne75KqkYyYrQWL1ACLUgUN8rp1nTskQB3RNNNt
[DeviceCam] Configured 2 relay(s)
[DeviceCam]   Relay #1: 12D3KooWDGUejVsts1G4tGyf8ukkr73eWxCr1EUfCQxgcbSDUie1
[DeviceCam]   Relay #2: 12D3KooWMZNFG6htyb5gBrChtgag81YE5ySmXLoFiYhaUnQaTopr
[DeviceCam] mDNS enabled - LAN discovery active
RKViChn          06:18:38-330 {prepareRuntime    :354} ---------------------------------------------------------
RKViChn          06:18:38-330 {prepareRuntime    :356} vi version: 1.22, name:vvi
RKViChn          06:18:38-331 {prepareRuntime    :357} rockit-ko version: vmpi:28ee389dbc33
RKViChn          06:18:38-331 {prepareRuntime    :358} rockit-ko building: -2024-05-24-18:15:06
RKViChn          06:18:38-331 {prepareRuntime    :359} ---------------------------------------------------------
[rk_camera] chn[0] config: H265 2304x1296 25/1fps 8192kbps rc=CBR q=high gop=50 gop_mode=normalP
[rk_camera] chn[1] config: H265 704x576 30/1fps 512kbps rc=CBR q=high gop=50 gop_mode=normalP
[rk_camera] chn[2] config: H265 960x540 25/1fps 1024kbps rc=CBR q=high gop=50 gop_mode=normalP
[rk_camera] init: VI=2304x1296 @25fps
[32m[1mrockit log path (null), log_size = 0, can use export rt_log_path=, export rt_log_size= change[0m
log_file = (nil) 
[32m[1mrockit default level 4, can use export rt_log_level=x, x=0,1,2,3,4,5,6 change[0m
rkaiq log level ff1
XCORE:K:rk_aiq_init_lib, ISP HW ver: 32
XCORE:K:
************************** VERSION INFOS **************************
version release date: 2024-2-18
         AIQ:       AIQ v5.0x5.0

git logs:
25bd14e RV1106: smart_door: release rga/isp/mpp for V1.3.0
99d080a RV1106/RV1103: Battery/Doorbell: release kmpp/rockit-ko for V1.3.2
6458e2a RV1106/RV1103: Battery/Doorbell: release kmpp/rockit-ko for V1.3.1
e8dab39 RV1106: CVR: release rga/isp/mpp for V1.1.0
a021b32 RV1106/RV1103: Battery/Doorbell: release kmpp/rockit-ko for V1.3.0

************************ VERSION INFOS END ************************

[rk_camera] sensor: m00_b_sc3336 4-0030
XCORE:K:rk_aiq_uapi_sysctl_preInit_devBufCnt: dev_ent:rkraw_rx, buf_cnt:2
XCORE:E:Invalid input parameter
[rk_camera] WARN: preInit_scene failed
XCORE:E:invalid main scene len!

IPCSERVER:K:cid[0] Process path:/tmp/UNIX.domain0, sockfd:32
XCORE:K:cid[0] rk_aiq_uapi_sysctl_init success. iq:/etc/iqfiles/sc3336_CMK-OT2119-PC1_30IRC-F16.json
XCORE:K:cid[0] rk_aiq_uapi_sysctl_prepare success. mode:0 
CAMHW:K:cid[0] start success. isGroup:0, isOnline:1, isMultiIsp:0, init_ens:0x1bfc0ffc4739
XCORE:K:cid[0] rk_aiq_uapi_sysctl_start success.
[rk_camera] ISP started (IQ: /etc/iqfiles)
RKViDev          06:18:38-315 {vi_set_dev_attr   :612} [33m[1mVI_DEV_ATTR_S all parameter reserved[0m
RTIsp3x          06:18:38-323 {ispInitDevice     :591} [32m[1msensor name = m00_b_sc3336 4-0030[0m
RTDeviceSensorV4 06:18:38-325 {ispOpenDevice     :502} [32m[1mv4l2_open(/dev/video0), handler=51[0m
RTDeviceSensorV4 06:18:38-326 {ispOpenDevice     :502} [32m[1mv4l2_open(/dev/v4l-subdev2), handler=53[0m
RTDeviceSensorV4 06:18:38-326 {close             :112} [32m[1mdo RTDeviceSensorV4L2 close[0m
RTDeviceSensorV4 06:18:38-326 {close             :112} [32m[1mdo RTDeviceSensorV4L2 close[0m
cmpi             06:18:38-331 {prepareRuntime    :378} [32m[1mmb pool create success, MBCnt= 3[0m
RTIsp3x          06:18:38-332 {ispInitDevice     :591} [32m[1msensor name = m00_b_sc3336 4-0030[0m
cmpi             06:18:38-334 {createRuntime     :634} [32m[1m>>>>>>>>> Sensor link info dump: <<<<<<<<<[0m
cmpi             06:18:38-334 {createRuntime     :636} [32m[1m	 vicap media name           : /dev/media0[0m
cmpi             06:18:38-334 {createRuntime     :637} [32m[1m	 vicap model name           : rkcif-mipi-lvds[0m
cmpi             06:18:38-334 {createRuntime     :638} [32m[1m	 camera id                  : 0[0m
cmpi             06:18:38-334 {createRuntime     :639} [32m[1m	 sensor name                : m00_b_sc3336 4-0030[0m
cmpi             06:18:38-334 {createRuntime     :641} [32m[1m	 stream_cif_mipi_id0 video name: /dev/video0[0m
cmpi             06:18:38-334 {createRuntime     :642} [32m[1m	 stream_cif_mipi_id1 video name: /dev/video1[0m
cmpi             06:18:38-334 {createRuntime     :643} [32m[1m	 stream_cif_mipi_id2 video name: /dev/video2[0m
cmpi             06:18:38-334 {createRuntime     :644} [32m[1m	 stream_cif_mipi_id3 video name: /dev/video3[0m
cmpi             06:18:38-334 {createRuntime     :646} [32m[1m	 sensor raw width           : 2304[0m
cmpi             06:18:38-334 {createRuntime     :647} [32m[1m	 sensor raw height          : 1296[0m
cmpi             06:18:38-334 {createRuntime     :648} [32m[1m---------------------------------------------------------[0m
cmpi             06:18:38-334 {createRuntime     :654} [32m[1m	 isp media name           : /dev/media1[0m
cmpi             06:18:38-334 {createRuntime     :655} [32m[1m	 isp model name           : [RkVideoSource] Camera started, waiting for frames...
[DeviceCam] Listening on QUIC (port random) and TCP
[DeviceCam] Dialing relay: /ip4/101.35.90.171/udp/4001/quic-v1/p2p/12D3KooWDGUejVsts1G4tGyf8ukkr73eWxCr1EUfCQxgcbSDUie1
[DeviceCam] Dialing relay: /ip4/134.175.248.113/udp/4001/quic-v1/p2p/12D3KooWMZNFG6htyb5gBrChtgag81YE5ySmXLoFiYhaUnQaTopr
[DeviceCam] Listening on: /ip4/127.0.0.1/tcp/38953
[DeviceCam] Listening on: /ip4/192.168.0.5/tcp/38953
[DeviceCam] Listening on: /ip4/192.168.0.2/tcp/38953
[DeviceCam] Listening on: /ip4/172.32.0.93/tcp/38953
[DeviceCam] Listening on: /ip4/127.0.0.1/udp/58580/quic-v1
[DeviceCam] Listening on: /ip4/192.168.0.5/udp/58580/quic-v1
[DeviceCam] Listening on: /ip4/192.168.0.2/udp/58580/quic-v1
[DeviceCam] Listening on: /ip4/172.32.0.93/udp/58580/quic-v1
[DeviceCam] Connected to relay 12D3KooWDGUejVsts1G4tGyf8ukkr73eWxCr1EUfCQxgcbSDUie1
[DeviceCam] Requesting relay 12D3KooWDGUejVsts1G4tGyf8ukkr73eWxCr1EUfCQxgcbSDUie1 reservation...
[DeviceCam] Relay 12D3KooWDGUejVsts1G4tGyf8ukkr73eWxCr1EUfCQxgcbSDUie1 reservation confirmed!
[DeviceCam] 1/2 relay(s) have active reservations
[DeviceCam] Listening on: /ip4/101.35.90.171/udp/4001/quic-v1/p2p/12D3KooWDGUejVsts1G4tGyf8ukkr73eWxCr1EUfCQxgcbSDUie1/p2p-circuit/p2p/12D3KooWG2ihY7Ne75KqkYyYrQWL1ACLUgUN8rp1nTskQB3RNNNt
[DeviceCam] Listening on: /ip4/101.35.90.171/tcp/4001/p2p/12D3KooWDGUejVsts1G4tGyf8ukkr73eWxCr1EUfCQxgcbSDUie1/p2p-circuit/p2p/12D3KooWG2ihY7Ne75KqkYyYrQWL1ACLUgUN8rp1nTskQB3RNNNt
[DeviceCam] *** Failed to connect to relay 12D3KooWMZNFG6htyb5gBrChtgag81YE5ySmXLoFiYhaUnQaTopr! Retrying in 3s (attempt 1) ***
[DeviceCam] Dialing relay 12D3KooWMZNFG6htyb5gBrChtgag81YE5ySmXLoFiYhaUnQaTopr (attempt 1)...
[DeviceCam] *** Failed to connect to relay 12D3KooWMZNFG6htyb5gBrChtgag81YE5ySmXLoFiYhaUnQaTopr! Retrying in 6s (attempt 2) ***
[DeviceCam] *** Viewer connected: 12D3KooWF1BgrHEoXNWNpHLaUneJgxiPmDWPtJpgNs11MAVWHGEq via Other ***
[DeviceCam] New MAIN video viewer: 12D3KooWF1BgrHEoXNWNpHLaUneJgxiPmDWPtJpgNs11MAVWHGEq via Other
[DeviceCam] New audio viewer: 12D3KooWF1BgrHEoXNWNpHLaUneJgxiPmDWPtJpgNs11MAVWHGEq via Other
[DeviceCam] Dialing relay 12D3KooWMZNFG6htyb5gBrChtgag81YE5ySmXLoFiYhaUnQaTopr (attempt 2)...
[DeviceCam]     frame #100 | 30.4 fps | 7944 kbps | ts=20222 | ..AVWHGEq main
[DeviceCam]     frame #200 | 30.2 fps | 7917 kbps | ts=23556 | ..AVWHGEq main
[DeviceCam] *** Failed to connect to relay 12D3KooWMZNFG6htyb5gBrChtgag81YE5ySmXLoFiYhaUnQaTopr! Retrying in 12s (attempt 3) ***
[DeviceCam]     frame #300 | 30.1 fps | 7900 kbps | ts=26889 | ..AVWHGEq main
[DeviceCam]     frame #400 | 30.1 fps | 7915 kbps | ts=30222 | ..AVWHGEq main
[DeviceCam]     frame #500 | 30.1 fps | 7919 kbps | ts=33555 | ..AVWHGEq main
[DeviceCam]     frame #600 | 30.1 fps | 7911 kbps | ts=36889 | ..AVWHGEq main
[DeviceCam] Dialing relay 12D3KooWMZNFG6htyb5gBrChtgag81YE5ySmXLoFiYhaUnQaTopr (attempt 3)...
[DeviceCam]     frame #700 | 30.1 fps | 7901 kbps | ts=40222 | ..AVWHGEq main
[DeviceCam] *** Failed to connect to relay 12D3KooWMZNFG6htyb5gBrChtgag81YE5ySmXLoFiYhaUnQaTopr! Retrying in 24s (attempt 4) ***
[DeviceCam]     frame #800 | 30.1 fps | 7912 kbps | ts=43556 | ..AVWHGEq main
[DeviceCam]     frame #900 | 30.0 fps | 7652 kbps | ts=46889 | ..AVWHGEq main
[DeviceCam]     frame #1000 | 30.0 fps | 7191 kbps | ts=50222 | ..AVWHGEq main
[DeviceCam]     frame #1100 | 30.0 fps | 7253 kbps | ts=53556 | ..AVWHGEq main
[DeviceCam]     frame #1200 | 30.0 fps | 7306 kbps | ts=56889 | ..AVWHGEq main
[DeviceCam]     frame #1300 | 30.0 fps | 7348 kbps | ts=60222 | ..AVWHGEq main
[DeviceCam]     frame #1400 | 30.0 fps | 7386 kbps | ts=63556 | ..AVWHGEq main
[DeviceCam] Dialing relay 12D3KooWMZNFG6htyb5gBrChtgag81YE5ySmXLoFiYhaUnQaTopr (attempt 4)...
[DeviceCam]     frame #1500 | 30.0 fps | 7419 kbps | ts=66889 | ..AVWHGEq main
[DeviceCam]     frame #1600 | 30.0 fps | 7439 kbps | ts=70222 | ..AVWHGEq main
[DeviceCam] *** Failed to connect to relay 12D3KooWMZNFG6htyb5gBrChtgag81YE5ySmXLoFiYhaUnQaTopr! Retrying in 48s (attempt 5) ***
[DeviceCam]     frame #1700 | 30.0 fps | 7468 kbps | ts=73556 | ..AVWHGEq main
[DeviceCam]     frame #1800 | 30.0 fps | 7487 kbps | ts=76889 | ..AVWHGEq main
[DeviceCam]     frame #1900 | 30.0 fps | 7508 kbps | ts=80222 | ..AVWHGEq main
[DeviceCam]     frame #2000 | 30.0 fps | 7530 kbps | ts=83556 | ..AVWHGEq main
[DeviceCam]     frame #2100 | 30.0 fps | 7541 kbps | ts=86889 | ..AVWHGEq main
[DeviceCam]     frame #2200 | 30.0 fps | 7558 kbps | ts=90222 | ..AVWHGEq main
[DeviceCam]     frame #2300 | 30.0 fps | 7571 kbps | ts=93555 | ..AVWHGEq main
[DeviceCam]     frame #2400 | 30.0 fps | 7581 kbps | ts=96889 | ..AVWHGEq main
[DeviceCam]     frame #2500 | 30.0 fps | 7594 kbps | ts=100222 | ..AVWHGEq main
[DeviceCam]     frame #2600 | 30.0 fps | 7603 kbps | ts=103556 | ..AVWHGEq main
[DeviceCam]     frame #2700 | 30.0 fps | 7612 kbps | ts=106889 | ..AVWHGEq main
[DeviceCam]     frame #2800 | 30.0 fps | 7625 kbps | ts=110222 | ..AVWHGEq main
[DeviceCam]     frame #2900 | 30.0 fps | 7635 kbps | ts=113555 | ..AVWHGEq main
[DeviceCam]     frame #3000 | 30.0 fps | 7643 kbps | ts=116889 | ..AVWHGEq main
[DeviceCam] Dialing relay 12D3KooWMZNFG6htyb5gBrChtgag81YE5ySmXLoFiYhaUnQaTopr (attempt 5)...
[DeviceCam]     frame #3100 | 30.0 fps | 7652 kbps | ts=120222 | ..AVWHGEq main
[DeviceCam]     frame #3200 | 30.0 fps | 7660 kbps | ts=123555 | ..AVWHGEq main
[DeviceCam] *** Failed to connect to relay 12D3KooWMZNFG6htyb5gBrChtgag81YE5ySmXLoFiYhaUnQaTopr! Retrying in 60s (attempt 6) ***
[DeviceCam]     frame #3300 | 30.0 fps | 7668 kbps | ts=126889 | ..AVWHGEq main
[DeviceCam]     frame #3400 | 30.0 fps | 7679 kbps | ts=130222 | ..AVWHGEq main
[DeviceCam]     frame #3500 | 30.0 fps | 7686 kbps | ts=133556 | ..AVWHGEq main
[DeviceCam]     frame #3600 | 30.0 fps | 7693 kbps | ts=136889 | ..AVWHGEq main
[DeviceCam]     frame #3700 | 30.0 fps | 7697 kbps | ts=140222 | ..AVWHGEq main
[DeviceCam]     frame #3800 | 30.0 fps | 7704 kbps | ts=143556 | ..AVWHGEq main
[DeviceCam]     frame #3900 | 30.0 fps | 7706 kbps | ts=146889 | ..AVWHGEq main
[DeviceCam]     frame #4000 | 30.0 fps | 7712 kbps | ts=150222 | ..AVWHGEq main
[DeviceCam] SLOW write ..AVWHGEq: 2418ms frame #4073 (main, 32842 bytes)
[DeviceCam] WRITE TIMEOUT ..AVWHGEq: write blocked >5s, disconnecting (main, frame #4081, dropped: 1)
[DeviceCam] Video stream (main) to ..AVWHGEq ended (4081 frames sent, 0 lagged, 1 dropped)
[DeviceCam] === Summary (main -> ..AVWHGEq) ===
[DeviceCam] Total frames: 4081
[DeviceCam] Total bytes: 131075804
[DeviceCam] Total lagged: 0
[DeviceCam] Total dropped: 1
[DeviceCam] Duration: 143.2s
[DeviceCam] Avg fps: 28.5
[DeviceCam] Avg bitrate: 7322 kbps
[DeviceCam] *** Viewer disconnected: 12D3KooWF1BgrHEoXNWNpHLaUneJgxiPmDWPtJpgNs11MAVWHGEq (was Other) ***
[DeviceCam] Dialing relay 12D3KooWMZNFG6htyb5gBrChtgag81YE5ySmXLoFiYhaUnQaTopr (attempt 6)...
[DeviceCam] *** Failed to connect to relay 12D3KooWMZNFG6htyb5gBrChtgag81YE5ySmXLoFiYhaUnQaTopr! Retrying in 60s (attempt 7) ***
[DeviceCam] *** Viewer connected: 12D3KooWSVyH14pTHJpvujPLo4Pg4owi3wgQcVUvMtVarkYFSfp5 via Other ***
[DeviceCam] New MAIN video viewer: 12D3KooWSVyH14pTHJpvujPLo4Pg4owi3wgQcVUvMtVarkYFSfp5 via Other
[DeviceCam] New audio viewer: 12D3KooWSVyH14pTHJpvujPLo4Pg4owi3wgQcVUvMtVarkYFSfp5 via Other
[DeviceCam]     frame #100 | 30.3 fps | 7960 kbps | ts=199389 | ..kYFSfp5 main
[DeviceCam]     frame #200 | 30.2 fps | 7910 kbps | ts=202722 | ..kYFSfp5 main
[DeviceCam]     frame #300 | 30.0 fps | 7887 kbps | ts=206056 | ..kYFSfp5 main
[DeviceCam]     frame #400 | 30.1 fps | 7888 kbps | ts=209389 | ..kYFSfp5 main
[DeviceCam]     frame #500 | 30.1 fps | 7884 kbps | ts=212722 | ..kYFSfp5 main
[DeviceCam]     frame #600 | 30.0 fps | 7883 kbps | ts=216056 | ..kYFSfp5 main
[DeviceCam]     frame #700 | 30.0 fps | 7878 kbps | ts=219389 | ..kYFSfp5 main
[DeviceCam]     frame #800 | 30.0 fps | 7875 kbps | ts=222722 | ..kYFSfp5 main
[DeviceCam]     frame #900 | 30.0 fps | 7872 kbps | ts=226056 | ..kYFSfp5 main
[DeviceCam]     frame #1000 | 30.0 fps | 7871 kbps | ts=229389 | ..kYFSfp5 main
[DeviceCam]     frame #1100 | 30.0 fps | 7860 kbps | ts=232723 | ..kYFSfp5 main
[DeviceCam]     frame #1200 | 30.0 fps | 7875 kbps | ts=236056 | ..kYFSfp5 main
[DeviceCam]     frame #1300 | 30.0 fps | 7875 kbps | ts=239389 | ..kYFSfp5 main
[DeviceCam]     frame #1400 | 30.0 fps | 7880 kbps | ts=242722 | ..kYFSfp5 main
[DeviceCam]     frame #1500 | 30.0 fps | 7881 kbps | ts=246056 | ..kYFSfp5 main
[DeviceCam] Dialing relay 12D3KooWMZNFG6htyb5gBrChtgag81YE5ySmXLoFiYhaUnQaTopr (attempt 7)...
[DeviceCam]     frame #1600 | 30.0 fps | 7886 kbps | ts=249389 | ..kYFSfp5 main
[DeviceCam]     frame #1700 | 30.0 fps | 7885 kbps | ts=252723 | ..kYFSfp5 main
[DeviceCam] *** Failed to connect to relay 12D3KooWMZNFG6htyb5gBrChtgag81YE5ySmXLoFiYhaUnQaTopr! Retrying in 60s (attempt 8) ***
[DeviceCam]     frame #1800 | 30.0 fps | 7883 kbps | ts=256056 | ..kYFSfp5 main
[DeviceCam]     frame #1900 | 30.0 fps | 7884 kbps | ts=259389 | ..kYFSfp5 main
[DeviceCam]     frame #2000 | 30.0 fps | 7886 kbps | ts=262723 | ..kYFSfp5 main
[DeviceCam]     frame #2100 | 30.0 fps | 7887 kbps | ts=266056 | ..kYFSfp5 main
[DeviceCam]     frame #2200 | 30.0 fps | 7886 kbps | ts=269389 | ..kYFSfp5 main
[DeviceCam]     frame #2300 | 30.0 fps | 7885 kbps | ts=272722 | ..kYFSfp5 main
[DeviceCam]     frame #2400 | 30.0 fps | 7883 kbps | ts=276056 | ..kYFSfp5 main
[DeviceCam]     frame #2500 | 30.0 fps | 7883 kbps | ts=279389 | ..kYFSfp5 main
[DeviceCam]     frame #2600 | 30.0 fps | 7883 kbps | ts=282723 | ..kYFSfp5 main
[DeviceCam]     frame #2700 | 30.0 fps | 7883 kbps | ts=286056 | ..kYFSfp5 main
[DeviceCam]     frame #2800 | 30.0 fps | 7862 kbps | ts=289389 | ..kYFSfp5 main
[DeviceCam]     frame #2900 | 30.0 fps | 7864 kbps | ts=292723 | ..kYFSfp5 main
[DeviceCam]     frame #3000 | 30.0 fps | 7864 kbps | ts=296056 | ..kYFSfp5 main
[DeviceCam]     frame #3100 | 30.0 fps | 7864 kbps | ts=299389 | ..kYFSfp5 main
[DeviceCam]     frame #3200 | 30.0 fps | 7865 kbps | ts=302723 | ..kYFSfp5 main
[DeviceCam]     frame #3300 | 30.0 fps | 7866 kbps | ts=306056 | ..kYFSfp5 main
[DeviceCam]     frame #3400 | 30.0 fps | 7867 kbps | ts=309389 | ..kYFSfp5 main
[DeviceCam]     frame #3500 | 30.0 fps | 7867 kbps | ts=312722 | ..kYFSfp5 main
[DeviceCam] Dialing relay 12D3KooWMZNFG6htyb5gBrChtgag81YE5ySmXLoFiYhaUnQaTopr (attempt 8)...
[DeviceCam]     frame #3600 | 30.0 fps | 7866 kbps | ts=316057 | ..kYFSfp5 main
[DeviceCam] *** Failed to connect to relay 12D3KooWMZNFG6htyb5gBrChtgag81YE5ySmXLoFiYhaUnQaTopr! Retrying in 60s (attempt 9) ***
[DeviceCam]     frame #3700 | 30.0 fps | 7866 kbps | ts=319391 | ..kYFSfp5 main
[DeviceCam]     frame #3800 | 30.0 fps | 7866 kbps | ts=322726 | ..kYFSfp5 main
[DeviceCam]     frame #3900 | 30.0 fps | 7865 kbps | ts=326060 | ..kYFSfp5 main
[DeviceCam]     frame #4000 | 30.0 fps | 7866 kbps | ts=329394 | ..kYFSfp5 main
[DeviceCam]     frame #4100 | 30.0 fps | 7865 kbps | ts=332729 | ..kYFSfp5 main
[DeviceCam]     frame #4200 | 30.0 fps | 7865 kbps | ts=336063 | ..kYFSfp5 main
[DeviceCam]     frame #4300 | 30.0 fps | 7865 kbps | ts=339397 | ..kYFSfp5 main
[DeviceCam]     frame #4400 | 30.0 fps | 7865 kbps | ts=342731 | ..kYFSfp5 main
[DeviceCam]     frame #4500 | 30.0 fps | 7864 kbps | ts=346065 | ..kYFSfp5 main
[DeviceCam]     frame #4600 | 30.0 fps | 7864 kbps | ts=349399 | ..kYFSfp5 main
[DeviceCam] SLOW write ..kYFSfp5: 439ms frame #4622 (main, 35057 bytes)
[DeviceCam] SLOW write ..kYFSfp5: 3962ms frame #4630 (main, 33780 bytes)
[DeviceCam] SLOW write ..kYFSfp5: 150ms frame #4633 (main, 69675 bytes)
[DeviceCam] SLOW write ..kYFSfp5: 4970ms frame #4638 (main, 25860 bytes)
[DeviceCam] LAGGED ..kYFSfp5 main: 143 frames dropped (total lagged: 143, sent: 4639)
[DeviceCam] WRITE TIMEOUT ..kYFSfp5: write blocked >5s, disconnecting (main, frame #4639, dropped: 1)
[DeviceCam] Video stream (main) to ..kYFSfp5 ended (4639 frames sent, 143 lagged, 1 dropped)
[DeviceCam] === Summary (main -> ..kYFSfp5) ===
[DeviceCam] Total frames: 4639
[DeviceCam] Total bytes: 152031248
[DeviceCam] Total lagged: 143
[DeviceCam] Total dropped: 1
[DeviceCam] Duration: 168.7s
[DeviceCam] Avg fps: 27.5
[DeviceCam] Avg bitrate: 7211 kbps
[DeviceCam] Dialing relay 12D3KooWMZNFG6htyb5gBrChtgag81YE5ySmXLoFiYhaUnQaTopr (attempt 9)...
[DeviceCam] *** Failed to connect to relay 12D3KooWMZNFG6htyb5gBrChtgag81YE5ySmXLoFiYhaUnQaTopr! Retrying in 60s (attempt 10) ***
[DeviceCam] *** Viewer disconnected: 12D3KooWSVyH14pTHJpvujPLo4Pg4owi3wgQcVUvMtVarkYFSfp5 (was Other) ***
[DeviceCam] Dialing relay 12D3KooWMZNFG6htyb5gBrChtgag81YE5ySmXLoFiYhaUnQaTopr (attempt 10)...
[DeviceCam] *** Failed to connect to relay 12D3KooWMZNFG6htyb5gBrChtgag81YE5ySmXLoFiYhaUnQaTopr! Retrying in 60s (attempt 11) ***
[DeviceCam] Dialing relay 12D3KooWMZNFG6htyb5gBrChtgag81YE5ySmXLoFiYhaUnQaTopr (attempt 11)...
[DeviceCam] *** Failed to connect to relay 12D3KooWMZNFG6htyb5gBrChtgag81YE5ySmXLoFiYhaUnQaTopr! Retrying in 60s (attempt 12) ***
